Zum Stammtisch
Zum Schneider
Zizi Limona
Zion German Evangelical Lutheran Church
Zen Vegetarian House
Zaytoons
Zaitzeff
Zaiqa Halal Food
Zabb Elee
Zaatar
Yuva
Yunnan Kitchen
Yun Nan Flavor Snack
Yoshi Japanese
Yomaris Restaurant
Yeti of Hieizan
Yen Yen
Yemen Cuisine
Yemen Cafe
Yamato Restaurant
XO Creperie
WTF Coffee Lab
Woodwork
Wong Wong Noodle Shop
Wong Good Hand Pull Noodle
Wolf and Deer
Winly Seafood Restaurant
Wingstop
Wing Wagon
Wing Hua
Wing Cheong Restaurant
Windsor Cafe
Wild Ginger
White Slab Palace
White Castle
Wendy's
Wei West
Weather Up
Watty and Meg
Waterfalls Restaurant
Wasabi Point
Wanka Restaurant
Vive La Crepe
Vital Blends
Vinny's of Carroll Gardens
Vine Wine
Vegetarian's Paradise 2
Vegetarian Palate
Va Beh
Umi Nom
Ugly Kitchen
U Sweika
U Like
Two For the Pot
Two Boots of Brooklyn
Tulcingo Deli Vl
TUE Thai Food
Tsampa
Trix
Trinidad Golden Place Restaurant
Trinidad Ali Roti Shop
Traif
Traces
Tortilleria Mexicana Los Hermanos
Tom's
Tofu On 7th
Toby's Public House
TK's Deli
Tio Pepe Restaurant
Tijuana Tacos
Tiffin Wallah
Thistle Hill Tavern
The Vanderbilt
The Usual
The Sunburnt Calf BK
The Soup Bowl of Park Slope
The Smoke Joint
The Shaved Ice Shop
The Primrose Cafe
The Pickle Guys
The Monro Pub
The Milk Truck
The Meadow
The Landing
The Jakewalk
The Islands
The Harp
The Grocery
The Great Hot Dog Cookoff
The Good Fork
The Farm On Adderley
The Family Store
The Empanada Lady
The Double Windsor
The Crooked Tree
The Country Kitchen
The Castello Plan
The Burger Bistro
The Brooklyn Star
The Black Horse Pub
The Back 9 Grill
The Atlantic ChipShop
The 3 Luigis
Thanh Da
Thai Terminal
Thai Market
Testo
Terrace Coffee Shop
Teresa's Restaurant
Tenda Asian Fusion
Ten Japanese Cuisine
Tempura
Tchoup Shop
Tbilisi Restaurant
Tasty King
Taste of Persia
Taste of India
Taste of China
Taro Sushi
Taqueria Tepango
Taqueria El Maguey
Taqueria De Los Muertos
Talde
Takashi
Tai Thai
Tacu Tacu
Tacos Matamoros
Tacos Los Poblanos
Szechuan Garden
Syd's Serious Sandwich Shop
Sweik Corporation
Sweetwater Restaurant
Sway Lounge
Sushi Yama Asian Bistro
Sushi Tokyo
Sushi Tatsu III
Sushi Mikasa
Sushi Gallery
Surfish Peruvian Bistro
Super Wings NY
Super Wings
Super Pollo Latino
Sunset Deli
Sunset Bagels
Sun Luck Kitchen
Sun In Bloom
Sun Bo Bo Restaurant
Sultana
Sugarlounge
Sugarhill Supperclub
Suganda Restaurant
Strong Place
Stonehome Wine Bar
Stolovaya
Starr Deli
SriPraPhai Thai Restaurant
Spuyten Duyvil
Spartan Souvlaki
Souvlaki House
Soup Shack
Soule
Soul Food Kitchen
Sophie's Cuban Cuisine
Song
somethingreek
Soldier's Restaurant
Solber Pupusas
SoCo
Soccer Tavern
Socarrat Nolita
Snice
Snap Food Truck
Snacky
Snack Asia
Smorgas Chef Wall Street
Smorgas Chef
Smooth Skin Factory
Smooch
Smith's Tavern
Slice Of Brooklyn Pizzeria
Slavyanskiy Bazar
Siwa Grill
Sip Sak
Sip N Chat Cocktail Lounge
Simons BBQ Cart
Simone Martini Bar Cafe
Silver Bell Baking Co
Sigiri
Side Street Deli
Sheep Station
Shayz Lounge
Shawarma Mediterranean Grill Flame House
Shark Bites Cafe
Shanghai Family Dumpling
Shanghai Asian Cuisine
Shakoor's Sweet Tooth
Shake Shack
Shade
Serenity Beauty Spa
Senor Pollo
Semba
Selamat Pagi
Seersucker
Seaport Buffet
Seafood Heaven
Sea Witch
Scottadito Osteria Toscana
Schreiber Home Style Bakery
Schnitzel Haus
Scalino
Saul Restaurant
Sason Grill
Saro Bistro
Saraghina
Sapolo
Sapid Indian Food
Sanur
Santo's Farm
Santos Anne
Sandoony USA
Sancho's Restaurant
San Ma
Samantha's Southern Cuisine
Salud
Salaam Bombay Indian Cuisine
Sal Restaurant
Sakura Teriyaki Express
Sakura
Sake
Saigon Market
Sahara's Turkish Cuisine
Sa Aming Nayon
Ryan Maguire's Ale House
Ruthies Restaurant
Russo's Mozzarella and Pasta
Russian Homemade Cuisine
Rue B
Rudy's Pastry Shop
Rubin Museum Of Art
Ruben's Empanadas
Royal Siam Thai Cuisine
Royal Rib House
Royal Fried Chicken King
Royal Bangladesh Indian Restaurant
Rose Water Restaurant
Rosamunde Sausage Grill
Rooftop Films
Roma Pizzeria
Roebling Inn
Rocky Sullivan's
Rocco's Calamari
Restaurant Salvadoreno Usuluteco
reRun Theatre
Rennert International Language School
Redang Island
Red Rose
Red Hook Ball Fields
Red Brick Cafe
Red Bowl
Red Bamboo
reBar
Rayuela
Ravagh Persian Grill
Rasputin
Raga
Queen Italian Restaurant
Qi
Pyza
Pushkin Creperie Bakery
Purple Yam
Purity Diner
Pure Food and Wine
Punjab Restaurant
Puerto Viejo
Puebla Mini Market
Pudgie's Famous Chicken
Puck Fair
PS Coffee Tea N Spices
Provence En Boite
Prospect
Primorski Restaurant
Prime Time Liquors
Prime Meats
Postmark Cafe
Pop's
Popeyes Chicken
Pongsri Thai Restaurant
Pommes Frites
Pomegranate
Polonica Restaurant
Polonia Restaurant
Polish National Home
Polish Nail Spa
Polish German Club House
Polish Bar Brooklyn
Polish Bar
Pok Pok NY
PizzaMoto
Pizza Plus
Pita Pan
Pirosmani
Pipin's Pub
Pipa Tapas Bar
Pio Pio Riko Restaurant
Pio Pio Riko
Pilar Cuban Eatery
Pig and Khao
Pies 'N' Thighs
Piccoli Trattoria
Piccoli
Pho Viet Huong Restaurant
Petite Crevette
Petite Abeille
PeteZaaz
Pete's Waterfront Ale House
Peter Luger Steak House
Peppinos
Penny House Cafe
Pegasus
Peaches HotHouse
Peaches
Payag
Pause Cafe
Pauline and Sharon's Pizza
Pates Et Traditions
Pata Negra
Pasha Pita Pizza
Parrot Coffee Grocery
Park Slope ChipShop
Park Slope Ale House
Papaya Dog
PAO Restaurant
Panera Bread
Pan De Sal
Pampas Argentinas
Pamir Village Cafe
Palo Santo
Palo Cortado
Palm Restaurant Too
Pakiza Restaurant
Pacific Standard Brooklyn
Oxcart Tavern
Oshima Restaurant
Osaka
Olympic Pita Corp
Olive Vine Pizza
Olive Vine Cafe
Oliva To Go
Olea Mediterranean Taverna
Okeanos
OK Ryan Restaurant
Odeon
Ocean Fresh Fish
Ocean Fish Market
Oasis Diner
Oasis
Nyonya Malaysia Cuisine
Nyonya
NYC Healthy Bites
Number One Little House Chinese Restaurant
Num Pang
Nu Cafe 47
Novecento
Nostrand Express Deli
Nordic Delicacies
Noodle Bar
Nomad
No Pork Halal Kitchen
No Plates
Nita Nita
Night of the Cookers
Nick's Lobster
New Tony BBQ Restaurant
New Spring Garden Restaurant
New Malaysia Restaurant
New Empire Szechuan Garden
New Bombay Masala
New Bo Ky Restaurant
New Belachan Restaurant
Nectar
Natural Village Cafe
Natural Tofu Restaurant
Nathans KFC Pizza Hut
Nathan's
Naruto Ramen
Naimat Kada
Nagoya Sushi
Nadia's Moroccan Kitchen
MyThai Cafe
My Three Sons Coffee Shop
Mura
Mug Lounge
Mtskheta Cafe
Moutarde
Moto
Morscher's Pork Store
Morgane
Moo Moo Hot Pot
Moo Burger
Monsignor's Restaurant
Monaco Restaurant
Momofuku Ssam Bar
Momo Sushi Shack
Moldova Restaurant
Mojito Cuban Cuisine
Moim
Mogador Falafels
Mocha Hookah
Mobil Car Service
Miyako Sushi
Mithaas
Mitchell's Soul Food
Mister Hotpot
Mister Falafel
Mission Chinese Food
Miss Favela
Miriam
Mini Shabu Shabu
Mimi's Hummus
Milon
Mill Basin Kosher Delicatessen
Milk Bar
Miles
Mile End
Milan Restaurant
Mike's Coffee Shop
Meze
Meytex Enterprises
Metro Empanadas
Metro Cafe
Meskerem Ethiopian Cuisine
Meskel
Mercado On Kent
Mendy's Deli
Mendelsohn's 18th Ave Kosher Pizza
Memo Shishkebob
Melanie's Restaurant
Mega Bites
Meatopia 2011
McDonald's
Mazzat
Mazelle
Mayfield
Masu Masu
Masak
Mary O's
Marrakech Chefs
Marine's Coffee Shop
Manna's
Manna
MangoSeed Restaurant
Mangez Avec Moi Express
Mama Meena's Family Restaurant
Maison Premiere
Maimonide Of Brooklyn
Mai Thai Thai Kitchen
Mahzen Grill
Maharlika
Magnolia Beauty Spa
Magic Soul Food
Maggie Brown
Madly Wild Fried Chicken
Madina Restaurant and Sweets
Madiba Restaurant
Macondo
Macao Trading Co
Luz Restaurant
luv tea
Luscious Food
Luna Rossa
Luigi's Pizza
Luigi Pizzeria
Lucky House Kitchen
Lucky Eight Restaurant
Luca Bar
Lou's Lucky 7 Cafe and Grill
Lotus Vietnamese Sandwiches
Lotus Leaf Rice
Lotta Jansdotter
Lot 2
Los Papi's
Lorimer Market
Longwood Fish
Lomzynianka
Locanda Vini e Olii
Littleneck
Little Brother BBQ
Lisbon Restaurant
Lindo's Coffee Shop
Lillian Pizzeria
Lighthouse
Levant
Leske's Bakery
Les Cayes
Lee's Restaurant
L'Ecole
Le P'tit Paris Bistro
Le Pain Quotidien
Le Paddock
Le Gamin Cafe
Le Bouchon
Le Barricou
Lavender Lake
Laut
Laura's Beauty Touch
Las Ramblas
Landi's Pork Store
Lamoza
Lam Zhou Handmade Noodle
Lalibela Ethiopian Restaurant
Lady Octopus
La Vara
La Slowteria
La Petite Provence
La Parada Restaurant
La Paella
La Gran Via Bakery
La Flor Del Paraiso 3
La Fe Restaurant
La Cuarta
La Crepe C'est Si Bon
La Crepe
La Cerveceria
La Brasa Peruana
Kushibar
Kumo Sushi
Kuma Inn
Kulushkat Gourmet Falafel
Kuho Sushi
Krystal's Cafe 81
Krolewskie Jadlo
Kristophe
Kowloon Cafe
Kotobuki Bistro
Koto Sushi
Korzo Haus
Korzo
Kofte Piyaz
Klimat Lounge
Klein's Ice Cream House
Kiwiana
Kittery
Kitchen Time
Kings Gourmet Food
Kings Buffet
King of Tandoor
Kinfolk Studios
Kinara
Kimchi Grill
Kim Chee Korean Restaurant
Kiku Asian Bistro
Kif
Ki Sushi
Khyber Pass Restaurant
Khamit Kinks
Kevin's
Kennedy Fried Chicken
Kelso Dining
Kaz An Nou
Kawaii Japanese Restaurant
KAVE
Kasia's
Karloff
Karczma
Kai Feng Fu
Kaff Bakery
Kafana
Kabul Halal Lunch
Kabob Shack
Kabir's Bakery
Juventino
Junior's
Jungsik
Juliette
Jpan
Joya
Joy Indian Restaurant
Joloff Restaurant
Joloff 2
Jollibee
Jolie Cantina
John's Coffee Donut Shop
Joeper's Smokeshack
JJ's Jamaican Restaurant
Jin Jin Hong Kong Cafe
Jill Pettijohn Life Foods
Jen 'n Outlaw's
Jeepney
Jaya
Java Indonesian Rijsttafel
Janelle's Caribbean Restaurant
James
Jamaican Grill
Jackie's Delicatessen
Jack the Horse Tavern
Istanbul Park
Island's Grand Grill
Island Burger
Irish Haven
Iris Cafe
Iona
International Restaurant Company
International Food Store
Indochine
indieScreen
Indian Creperie
India Place
Incredi
Inca Chicken
Inaka Asian Cuisine
IKEA Restaurant
Ihawan2
Ihawan
Ice Cream House
I Am Thai
Hungry Ghost
Hunan Delight
Hummus Point
Hummus Place
Hottest 86
Hotdog Cart at South End Ave
Hot Pot King
Hot Chix
Homemade Halal Cart
Ho Yip Restaurant
HK Tea and Sushi
Hing Lung Kitchen
Himalayan Vision II
Himalayan Mini Mart
Henry's End
Henry Public
Heaven By Russo Restaurant
Healthy Nibbles
HBH Gourmet Sandwiches
Hawkers
Harway Pizza Gyro Falafel
Harry O's
Hardee's Chinese American Take Out
Happy Fresh Tortillas Grill
Hanco's
Han Joo
Halsey Street Grill
Halal Paradise
Halal Intl
Halal Cart
Hai Sun Chinese Restrnt
Hachi
Habana Outpost
Gyro Kingdom
Gyro King
Gyro Cafe
Gwynnett St
Guerrero Food Center
Grill 21
Greenwood Park
Greenfields Foods
Great Taste Dumpling
Great Jones Cafe
Grand Sichuan House
Grand Canyon Rest
Grand Bo Ky Restaurant
Gottscheer Hall
Gottlieb Restaurant
Gordon Bennett
Goodbye Blue Monday
Golden Fried Dumpling
Golden Farm
Golden Cafe
Gobo Restaurant
Gloria's West Indian Food
Gloria's
Glenda's Restaurrant
Giuseppina's
Girasol Bakery
Giovanni's Brooklyn Eats
Gino's Trattoria
Ghenet Brooklyn
George's Restaurant
Gen
Geido Restaurant
Gayana's Bakery Cafe
Ganso
Ganni's Pizza
Gandhi Fine Indian Cuisine
Fuel
Friend's Villa Restaurant
Fresh Cafe Bar
Frej
Freckle
Frank's Deli
Frankies 457
Francisco's Centro Vasco Restaurant
Francesca
Fragole Ristorante
Forty Weight Cafe
Fort Reno BBQ
Fonda
Fluent City
Fletcher's Brooklyn Barbecue
Flea Market Cafe
Flatbush Latin Grill
Five Leaves
Five Guys Burgers and Fries
Fisherman's Cove
Fish Tales
Fish and Chips
Fika
Fette Sau
Festac Grill
Fei Long Supermarket Food Court
Fay Wong Cafe
Favor Taste
Favela Cubana
Fatty 'Cue
Fatty Crab
Fatima African Restaurant
Fast and Fresh Deli
Farrell's
Faros Restaurant
Farmer In the Deli
Fantastic Deli
Fanny
Famous Sichuan
Famous Hot Pot Buffet
Falucka
Express Power Lunch
Excellent Thai
Excellent Pork Chop House
Excellence Eyebrow Threading
Everybody Eats
Euzkadi
Eton Too
Estihana Brooklyn
Estancia 460
Essen NY Deli
Esperanto
Errol's Caribbean Bakery
Enthaice
Enoteca on Court
Engeline's Restaurant
EN Restaurant and Bar
Empire Szechuan Greenwich
Empire BBQ
Empanadas Paradise
Empanadas Bar NYC
Empanada Lady
Elza Fancy Food
Elora's Restaurant
Elm Cafe
Elan Salon
El Viejo Yayo Restaurant
El Tenampa Deli Grocery
El Ranchito Poblano
El Pio Restaurant
El Paso Restaurant
El Nuevo Portal
El Nuevo Cibao
El Gran Castillo De Jagua
El Gaucho Glatt Steakhouse
El Cofre
El Castillo Restaurant
El Almacen
Egg Custard King Cafe
Eclipse
Easy Come
East Ocean Buffets
East Ocean Buffet
East Garden
East Corner Wonton
East Coast Beer Dist
Dynasty Chinese Restaurant
Dressler
Dram Shop
Dragon China
Draft Barn
Don Burrito Restaurant
Do or Dine
Dizzy's
diaz resaurant
Di Fara Pizza
DeStefano's Steakhouse
Der Kommissar
Depanneur
Deniz Turkish Mediterranean Cuisine
Dempsey's Pub
Degustation
Dear Bushwick
Dean Street
De Hot Pot
David's Brisket House
David Restaurant
Darna Falafel
Dao Palate
Damas Falafel House
Dallas BBQ
Daisy's Diner
Cyprus Avenue
Cupola Samarkanda II
Cubana Cafe
Crown Fried Chicken
Crif Dogs
Crespella
Crepes Du Nord
Creperie NYC
Creperie
Cream Puff Cafe
Cranberrys
Crab Spot Restaurant
Court Street Grocers
Cornelius
Convivium Osteria
Coney Island Taste
Coney Island Buffet
Colonie
Colombia In Park Slope
Cocoa Bar
Coco Roco
Cochinita
Clubs Gyro
Clementine Bakery
City Sub
Cienfuegos
Cielo Bar Brooklyn
Churrascaria Riodizio Tribeca
Chuko
Christina's
Chris's Restaurant
Choco Bolo
Chinantla
China Tokyo Restaurant
China Restaurant
China Pagoda
China Dragon
Chimu Express
Chimi Loco
Chikurin
Chick P
Chicago 60
Chez Oskar
Chez Lola
Cheryl's Global Soul
Chef's Table
Cheeky Sandwiches
Chavela's
Chateau De Alik
Chandni Food
Chance Cuisine
Chan Yang Garden
Ceol
Celestino
Caucasus Garden
Caselnova
Casablanca Restaurant
Casa Mono
Carmine's Pizzeria
Canaille Wine Bar
Cambodian Cuisine Torsu
Cajun Cafe
Caffe e Vino
Cafetasia
Cafecito
cafe_name
Cafe Venezia
Cafe Tibet
Cafe Steinhof
Cafe Mogador
Cafe Mingala
Cafe Madeline
Cafe Luluc
Cafe Kristall
Cafe Katja
Cafe Kashkar
Cafe Izba
Cafe Himalaya
Cafe Espanol
Cafe Dada
Cafe Cortadito
Cafe Chili
Cafe Asean
Cafe Argentino
Cafe 232
Cadaques Tapas Bar
Cabana Seaport
C And Y Chinese
Buttermilk Channel
Bushwick Kitchen
Burger on Smith
Bunna Cafe
Bukhari Restaurant
Buka New York
Building On Bond
Buffalo Wild Wings
Buffalo Boss
Buenos Aires
Buckley's
Buckley School Of Irish Dance
Brooklyn Stoops
Brooklyn Southern
Brooklyn Pita
Brooklyn Moon Cafe
Brooklyn MAC
Brooklyn Kolache Co
Brooklyn Fish Camp
Brooklyn Buschenschank
Brooklyn Bird
Broadway Pizzeria
Brasserie Les Halles
Brandy Library
Brancaccio's Food Shop
Bourgeois Pig
Bouley
Boston Market
Boston Jerk City Restaurant
Boqueria
Bonnie's Grill
Bombay Masala
Bombay Grill
Bombay Curry
Bojangles' Famous Chicken
Bogota Latin Bistro
Boat House
Bo Ky Restaurant
Blue Ribbon Brasserie Brooklyn
Blue Apron Foods
Black Iris
BKLYN Larder
Bistro Petit
Bistro 915
Bistro 54
Biriyani House
Billy Hurricane's
Bikinis
Bijan's
Bickels Jerk Express
Betto
Best Grilled Chicken and Fish
Berlyn
Berimbau
Beny's Delice
Belleville
Belgian Room
Belachan Restaurant
Bedouin Tent Restaurant
Bedawi Cafe
Beco
BBQ Kabob Cart
BBQ
Bayleaf
Battersby
Bati
Bark Hot Dogs
Bareburger
BarBossa
Barboncino
Bar Tabac
Bar Kada
Bar Celona
Banter
Banh Mi Saigon
Bamiyan
Bamboo Pavilion
BAM Harvey Theatre
Balthazar Restaurant
Balboa Restaurant
Balady Foods
Bakery La Flor
Bakeri
Bahar Restaurant
Bacchus Bistrot a Vins
Bab Al Yemen
Ba Xuyen
Azul Bistro
Awash
Auria's Malaysian Kitchen
Audrey Spa
Atomic Wings
Athena Mediterranean Cuisine
Asian Kitchen Incorporated
Asia Roma
Asia Dog
Argentine Tango Academy
Arepera Guacuco
Arbuz
Applewood
Appletree Natural Market
Apple Gourmet Corp
AOC Bistro
Anyway Cafe
Annisa
Andy's
An Choi
Amin Indian Cuisine
American Beer Distributing and Thrifty Beverage Center
Alta
Allswell
Aliseo Osteria Del Borgo
Alfama Restaurant
Aldea
Alchemy
Al Pasha Restaurant
Al Di La Vino
Agua De La Vida
Afghanistan Kebab House
Afghan Halal Food
Adelman's Kosher Deli
Academy Restaurant
Abistro
Abir Halal Restaurant
Abilene
Abidjan
Abdullahs Sweets And Restaurant
Abbey Bar
A La Crepe
9ja Villa Nigerian Restaurant and Bar
95 South
7th Avenue Donuts
67 Burger
65 Shabu Shabu Inc
5th Avenue Market
18 Shabu Shabu
1001 Nights