open@kind=time@title=open
at@kind=time@title=prep
by@kind=time@title=prep
till@kind=time@title=prep
until@kind=time@title=prep
am@kind=time@title=ampm
pm@kind=time@title=ampm
24 hour@kind=time@title=anytime
24 hours@kind=time@title=anytime
now@kind=time@title=anytime
Mon@kind=time@title=weekday
Tue@kind=time@title=weekday
Wed@kind=time@title=weekday
Thu@kind=time@title=weekday
Fri@kind=time@title=weekday
Sat@kind=time@title=weekday
Sun@kind=time@title=weekday
Monday@kind=time@title=weekday
Tuesday@kind=time@title=weekday
Wednesday@kind=time@title=weekday
Thursday@kind=time@title=weekday
Friday@kind=time@title=weekday
Saturday@kind=time@title=weekday
Sunday@kind=time@title=weekday
e@kind=location@title=prefix
w@kind=location@title=prefix
n@kind=location@title=prefix
s@kind=location@title=prefix
east@kind=location@title=prefix
west@kind=location@title=prefix
north@kind=location@title=prefix
south@kind=location@title=prefix
ft@kind=location@title=prefix
fort@kind=location@title=prefix
pl@kind=location@title=suffix
plaza@kind=location@title=suffix
st@kind=location@title=suffix
street@kind=location@title=suffix
ave@kind=location@title=suffix
avenue@kind=location@title=suffix
bwy@kind=location@title=suffix
broadway@kind=location@title=suffix
hwy@kind=location@title=suffix
highway@kind=location@title=suffix
blvd@kind=location@title=suffix
boulevard@kind=location@title=suffix
pkwy@kind=location@title=suffix
parkway@kind=location@title=suffix
brooklyn@kind=location@title=district
manhattan@kind=location@title=district
queens@kind=location@title=district
bronx@kind=location@title=district
staten island@kind=location@title=district
ny@kind=location@title=city
new york@kind=location@title=city
nyc@kind=location@title=city
new york city@kind=location@title=city
near@kind=location@title=near
around@kind=location@title=near
in@kind=location@title=near
between@kind=location@title=between
&@kind=location@title=and
and@kind=location@title=and
here@kind=location@title=here
nearby@kind=location@title=here
not@kind=feature@title=negative
no@kind=feature@title=negative
don't@kind=feature@title=negative
doesn't@kind=feature@title=negative
isn't@kind=feature@title=negative
doesn't@kind=feature@title=negative
won't@kind=feature@title=negative
never@kind=feature@title=negative
serve@kind=feature@title=provide
serves@kind=feature@title=provide
provide@kind=feature@title=provide
provides@kind=feature@title=provide
have@kind=feature@title=provide
has@kind=feature@title=provide
support@kind=feature@title=provide
supports@kind=feature@title=provide
is@kind=feature@title=provide
are@kind=feature@title=provide
was@kind=feature@title=provide
good for@kind=feature@title=goodfor
for@kind=feature@title=goodfor
accept@kind=feature@title=allow
accepts@kind=feature@title=allow
allow@kind=feature@title=allow
allows@kind=feature@title=allow
take@kind=feature@title=allow
takes@kind=feature@title=allow
can@kind=feature@title=allow
could@kind=feature@title=allow
too@kind=feature@title=level
that@kind=feature@title=level
very@kind=feature@title=level
so@kind=feature@title=level
Are there@kind=question@title=start
Is there@kind=question@title=start
Where@kind=question@title=start
Which@kind=question@title=start
restaurant@kind=question@title=restaurant
restaurants@kind=question@title=restaurant
Do@kind=question@title=check
Does@kind=question@title=check
Will@kind=question@title=check
