Bath Beach@district=brooklyn
Bay Ridge@district=brooklyn
Bedford Stuyvesant@district=brooklyn
Bensonhurst@district=brooklyn
Boerum Hill@district=brooklyn
Borough Park@district=brooklyn
Brighton Beach@district=brooklyn
Brooklyn Heights@district=brooklyn
Brownsville@district=brooklyn
Bushwick@district=brooklyn
Canarsie@district=brooklyn
Carroll Gardens@district=brooklyn
City Line@district=brooklyn
Clinton Hill@district=brooklyn
Cobble Hill@district=brooklyn
Columbia Street Waterfront District@district=brooklyn
Coney Island@district=brooklyn
Crown Heights@district=brooklyn
Cypress Hills@district=brooklyn
Ditmas Park@district=brooklyn
Downtown Brooklyn@district=brooklyn
DUMBO@district=brooklyn
Dyker Heights@district=brooklyn
East Flatbush@district=brooklyn
East New York@district=brooklyn
East Williamsburg@district=brooklyn
Flatbush@district=brooklyn
Flatlands@district=brooklyn
Fort Greene@district=brooklyn
Fort Hamilton@district=brooklyn
Georgetown@district=brooklyn
Gerritson Beach@district=brooklyn
Gowanus@district=brooklyn
Gravesend@district=brooklyn
Greenpoint@district=brooklyn
Highland Park@district=brooklyn
Kensington@district=brooklyn
Manhattan Beach@district=brooklyn
Marine Park@district=brooklyn
Midwood@district=brooklyn
Mill Basin@district=brooklyn
Mill Island@district=brooklyn
New Lots@district=brooklyn
Ocean Hill@district=brooklyn
Ocean Parkway@district=brooklyn
Paedergat Basin@district=brooklyn
Park Slope@district=brooklyn
Prospect Heights@district=brooklyn
Prospect Lefferts Gardens@district=brooklyn
Prospect Park South@district=brooklyn
Red Hook@district=brooklyn
Remsen Village@district=brooklyn
Sea Gate@district=brooklyn
Sheepshead Bay@district=brooklyn
South Williamsburg@district=brooklyn
Spring Creek@district=brooklyn
Starret City@district=brooklyn
Sunset Park@district=brooklyn
Vinegar Hill@district=brooklyn
Weeksville@district=brooklyn
Williamsburg - North Side@district=brooklyn
Williamsburg - South Side@district=brooklyn
Windsor Terrace@district=brooklyn
Wingate@district=brooklyn
Alphabet City@district=manhattan
Battery Park@district=manhattan
Chelsea@district=manhattan
Chinatown@district=manhattan
Civic Center@district=manhattan
East Harlem@district=manhattan
East Village@district=manhattan
Financial District@district=manhattan
Flatiron@district=manhattan
Gramercy@district=manhattan
Greenwich Village@district=manhattan
Harlem@district=manhattan
Hell's Kitchen@district=manhattan
Inwood@district=manhattan
Kips Bay@district=manhattan
Koreatown@district=manhattan
Little Italy@district=manhattan
Lower East Side@district=manhattan
Manhattan Valley@district=manhattan
Marble Hill@district=manhattan
Meatpacking District@district=manhattan
Midtown East@district=manhattan
Midtown West@district=manhattan
Morningside Heights@district=manhattan
Murray Hill@district=manhattan
NoHo@district=manhattan
Nolita@district=manhattan
Roosevelt Island@district=manhattan
SoHo@district=manhattan
South Street Seaport@district=manhattan
South Village@district=manhattan
Stuyvesant Town@district=manhattan
Theater District@district=manhattan
TriBeCa@district=manhattan
Two Bridges@district=manhattan
Union Square@district=manhattan
Upper East Side@district=manhattan
Upper West Side@district=manhattan
Washington Heights@district=manhattan
West Village@district=manhattan
Yorkville@district=manhattan
Arverne@district=queens
Astoria@district=queens
Astoria Heights@district=queens
Auburndale@district=queens
Bay Terrace@district=queens
Bayside@district=queens
Beechurst@district=queens
Bellaire@district=queens
Belle Harbor@district=queens
Bellerose@district=queens
Breezy Point@district=queens
Briarwood@district=queens
Cambria Heights@district=queens
College Point@district=queens
Douglaston@district=queens
Downtown Flushing@district=queens
East Elmhurst@district=queens
Edgemere@district=queens
Elmhurst@district=queens
Far Rockaway@district=queens
Floral Park@district=queens
Flushing@district=queens
Flushing Meadows@district=queens
Forest Hills@district=queens
Fresh Meadows@district=queens
Glen Oaks@district=queens
Glendale@district=queens
Hillcrest@district=queens
Hollis@district=queens
Holliswood@district=queens
Howard Beach@district=queens
Hunters Point@district=queens
Jackson Heights@district=queens
Jamaica@district=queens
Jamaica Estates@district=queens
Jamaica Hills@district=queens
JFK Airport@district=queens
Kew Gardens@district=queens
Kew Gardens Hills@district=queens
LaGuardia Airport@district=queens
Laurelton@district=queens
LeFrak City@district=queens
Lindenwood@district=queens
Little Neck@district=queens
Long Island City@district=queens
Malba@district=queens
Maspeth@district=queens
Middle Village@district=queens
Murray Hill@district=queens
North Corona@district=queens
Oakland Gardens@district=queens
Ozone Park@district=queens
Pomonok@district=queens
Queens Village@district=queens
Queensborough Hill@district=queens
Rego Park@district=queens
Richmond Hill@district=queens
Ridgewood@district=queens
Rochdale@district=queens
Rockaway Park@district=queens
Rosedale@district=queens
Seaside@district=queens
Somerville@district=queens
Springfield Gardens@district=queens
Steinway@district=queens
Sunnyside@district=queens
Utopia@district=queens
Whitestone@district=queens
Woodhaven@district=queens
Woodside@district=queens
Baychester@district=bronx
Bedford Park@district=bronx
Belmont@district=bronx
Castle Hill@district=bronx
City Island@district=bronx
Claremont Village@district=bronx
Clason Point@district=bronx
Co-op City@district=bronx
Concourse@district=bronx
Concourse Village@district=bronx
Country Club@district=bronx
East Tremont@district=bronx
Eastchester@district=bronx
Edenwald@district=bronx
Edgewater Park@district=bronx
Fieldston@district=bronx
Fordham@district=bronx
High Bridge@district=bronx
Hunts Point@district=bronx
Kingsbridge@district=bronx
Longwood@district=bronx
Melrose@district=bronx
Morris Heights@district=bronx
Morris Park@district=bronx
Morrisania@district=bronx
Mott Haven@district=bronx
Mount Eden@district=bronx
Mount Hope@district=bronx
North Riverdale@district=bronx
Norwood@district=bronx
Olinville@district=bronx
Parkchester@district=bronx
Pelham Bay@district=bronx
Pelham Gardens@district=bronx
Port Morris@district=bronx
Riverdale@district=bronx
Schuylerville@district=bronx
Soundview@district=bronx
Spuyten Duyvil@district=bronx
Throgs Neck@district=bronx
Unionport@district=bronx
University Heights@district=bronx
Van Nest@district=bronx
Wakefield@district=bronx
West Farms@district=bronx
Westchester Square@district=bronx
Williamsbridge@district=bronx
Woodlawn@district=bronx
Annadale@district=staten_island
Arden Heights@district=staten_island
Arlington@district=staten_island
Arrochar@district=staten_island
Bay Terrace@district=staten_island
Bloomfield@district=staten_island
Bullshead@district=staten_island
Castleton Corners@district=staten_island
Charleston@district=staten_island
Chelsea@district=staten_island
Clifton@district=staten_island
Concord@district=staten_island
Dongan Hills@district=staten_island
Elm Park@district=staten_island
Eltingville@district=staten_island
Emerson Hill@district=staten_island
Graniteville@district=staten_island
Grant City@district=staten_island
Grasmere@district=staten_island
Great Kills@district=staten_island
Grymes Hill@district=staten_island
Heartland Village@district=staten_island
Howland Hook@district=staten_island
Huguenot@district=staten_island
Lighthouse Hill@district=staten_island
Mariner@district=staten_island
Midland Beach@district=staten_island
New Brighton@district=staten_island
New Dorp@district=staten_island
New Dorp Beach@district=staten_island
New Springville@district=staten_island
Oakwood@district=staten_island
Old Town@district=staten_island
Park Hill@district=staten_island
Pleasant Plains@district=staten_island
Port Richmond@district=staten_island
Princes Bay@district=staten_island
Randall Manor@district=staten_island
Richmond Town@district=staten_island
Richmond Valley@district=staten_island
Rosebank@district=staten_island
Rossville@district=staten_island
Shore Acres@district=staten_island
Silver Lake@district=staten_island
St. George@district=staten_island
Stapleton@district=staten_island
Sunnyside@district=staten_island
Todt Hill@district=staten_island
Tompkinsville@district=staten_island
Tottenville@district=staten_island
West Brighton@district=staten_island
Westerleigh@district=staten_island
Woodrow@district=staten_island
